shell_ip.c:3698:17:SHELL_SearchInterfaceById	0	static
shell_ip.c:5468:15:SHELL_GetNeighborsIpAddr	32	static
shell_ip.c:1434:15:SHELL_Identify	8	static
shell_ip.c:1573:13:SHELL_InterruptCb	8	static
shell_ip.c:3271:13:SHELL_PrintStatus	8	static
shell_ip.c:3422:13:SHELL_PrintNeighborState	8	static
shell_ip.c:3576:13:SHELL_PrintBuff	16	static
shell_ip.c:3598:13:SHELL_ReadBuff	24	static
shell_ip.c:5345:13:SHELL_Filtering_Print	48	static
shell_ip.c:3529:13:SHELL_PrintNwkCapabilities	24	static
shell_ip.c:3480:13:SHELL_PrintDevType	24	static
shell_ip.c:3462:13:SHELL_PrintDevRole	24	static
shell_ip.c:1370:13:SHELL_Resume	8	static
shell_ip.c:5213:15:SHELL_Filter	40	static
shell_ip.c:1979:15:SHELL_FactoryResetReq	8	static
shell_ip.c:1414:15:SHELL_Reboot	8	static
shell_ip.c:3625:15:SHELL_ReadIPv6Addr	8	static
shell_ip.c:3727:15:SHELL_CoapSend	104	static
shell_ip.c:5520:6:SHELL_MgmtDiagnosticAppCb	96	static
shell_ip.c:3972:13:SHELL_CoapAckReceive	72	static
shell_ip.c:5161:15:SHELL_SendDns	24	static
shell_ip.c:4475:13:PING_TimerCallback	8	static
shell_ip.c:1541:13:SHELL_ProcessCb	24	static
shell_ip.c:4570:13:PING_RetransmitCallback	8	static
shell_ip.c:4646:13:PING_SendPing	16	static
shell_ip.c:3663:23:SHELL_SearchInterfaceByName	24	static
shell_ip.c:4271:21:PING_CreatePktInfo	24	static
shell_ip.c:4064:15:SHELL_Ping	24	static
shell_ip.c:4490:13:PING_HandleTimerCallback	16	static
shell_ip.c:4586:13:PING_RetransmitHandle	16	static
shell_ip.c:1106:6:PING_EchoReplyReceiveAsync	16	static
shell_ip.c:4762:15:SHELL_MulticastGroups	96	static
shell_ip.c:1932:13:SHELL_PrintFirewallRules	72	static
shell_ip.c:1835:15:SHELL_IpFirewall	64	static
shell_ip.c:1776:13:SHELL_PrintIPv6Routes	72	static
shell_ip.c:1707:15:SHELL_Routes	64	static
shell_ip.c:3146:13:SHELL_ThrStopCommissioner	8	static
shell_ip.c:3130:13:SHELL_ThrStartCommissioner	8	static
shell_ip.c:3062:13:SHELL_ThrNwkJoin	8	static
shell_ip.c:3098:13:SHELL_ThrNwkCreate	8	static
shell_ip.c:3161:13:SHELL_PrintJoinersTbl	24	static
shell_ip.c:2000:15:SHELL_ThrCommands	160	static
shell_ip.c:3202:13:SHELL_PrintRoutingTbl	24	static
shell_ip.c:3293:13:SHELL_PrintParentInfo	16	static
shell_ip.c:3324:13:SHELL_PrintNeighborTbl	40	static
shell_ip.c:3382:13:SHELL_PrintNeighborInfo	16	static
shell_ip.c:3505:13:SHELL_PrintActiveTimestamp	40	static
shell_ip.c:1453:13:SHELL_Process	112	static
shell_ip.c:4371:13:PING_EchoReplyReceive	32	static
shell_ip.c:1128:6:SHELL_DnsNdDataService	96	static
shell_ip.c:1224:6:SHELL_DnsService	64	static
shell_ip.c:770:6:SHELLComm_Init	8	static
shell_ip.c:797:6:SHELL_PrintIpAddr	104	static
shell_ip.c:1603:15:SHELL_Ifconfig	40	static
shell_ip.c:922:6:SHELL_EvMonitorInit	8	static
shell_ip.c:941:6:SHELL_EvMonitor	16	static
shell_ip.c:1055:6:SHELL_NwkScanPrint	24	static
