PhyPacketProcessor.c:87:6:PhyHwInit	8	static
PhyPacketProcessor.c:194:6:PhyAbort	8	static
PhyPacketProcessor.c:251:9:PhyPpGetState	0	static
PhyPacketProcessor.c:268:13:PhyPpSetPanId	16	static
PhyPacketProcessor.c:309:13:PhyPpSetShortAddr	16	static
PhyPacketProcessor.c:350:13:PhyPpSetLongAddr	24	static
PhyPacketProcessor.c:394:13:PhyPpSetMacRole	0	static
PhyPacketProcessor.c:431:6:PhyPpSetPromiscuous	0	static
PhyPacketProcessor.c:462:6:PhySetActivePromiscuous	0	static
PhyPacketProcessor.c:490:8:PhyGetActivePromiscuous	0	static
PhyPacketProcessor.c:504:6:PhyPpSetSAMState	8	static
PhyPacketProcessor.c:527:13:PhyPp_IndirectQueueInsert	8	static
PhyPacketProcessor.c:564:13:PhyPp_RemoveFromIndirect	0	static
PhyPacketProcessor.c:592:8:PhyPpIsPollIndication	0	static
PhyPacketProcessor.c:606:8:PhyPpIsRxAckDataPending	0	static
PhyPacketProcessor.c:620:8:PhyPpIsTxAckDataPending	0	static
PhyPacketProcessor.c:645:6:PhyPpSetFpManually	0	static
PhyPacketProcessor.c:662:13:PhyPpSetCcaThreshold	0	static
PhyPacketProcessor.c:680:9:PhyPlmeSetFADThresholdRequest	0	static
PhyPacketProcessor.c:694:9:PhyPlmeSetFADStateRequest	8	static
PhyPacketProcessor.c:722:9:PhyPlmeSetLQIModeRequest	0	static
PhyPacketProcessor.c:736:9:PhyPlmeGetRSSILevelRequest	0	static
PhyPacketProcessor.c:749:9:PhyPlmeSetANTXStateRequest	0	static
PhyPacketProcessor.c:768:9:PhyPlmeSetANTPadInvertedRequest	16	static
PhyPacketProcessor.c:805:9:PhyPlmeSetANTPadStateRequest	8	static
PhyPacketProcessor.c:832:9:PhyPlmeGetANTXStateRequest	0	static
PhyPacketProcessor.c:843:6:PhyPpSetDualPanAuto	0	static
PhyPacketProcessor.c:858:8:PhyPpGetDualPanAuto	0	static
PhyPacketProcessor.c:872:6:PhyPpSetDualPanDwell	0	static
PhyPacketProcessor.c:887:9:PhyPpGetDualPanDwell	0	static
PhyPacketProcessor.c:901:9:PhyPpGetDualPanRemain	0	static
PhyPacketProcessor.c:915:6:PhyPpSetDualPanActiveNwk	8	static
PhyPacketProcessor.c:930:9:PhyPpGetDualPanActiveNwk	0	static
PhyPacketProcessor.c:945:9:PhyPpGetPanOfRxPacket	0	static
PhyPacketProcessor.c:983:9:PhyPpGetDualPanSamLvl	0	static
PhyPacketProcessor.c:994:6:PhyPpSetDualPanSamLvl	0	static
PhyPacketProcessor.c:1019:10:PhyGetChecksum	0	static
PhyPacketProcessor.c:1051:9:PhyAddToNeighborTable	0	static
PhyPacketProcessor.c:1094:9:PhyRemoveFromNeighborTable	0	static
PhyPacketProcessor.c:1117:6:PhyResetNeighborTable	0	static
PhyPacketProcessor.c:1140:8:PhyCheckNeighborTable	0	static
PhyPacketProcessor.c:1193:6:PhyPlmeSetDSMDuration	0	static
PhyPacketProcessor.c:1212:13:PhyPlmeSetPwrState	8	static
