PhyStateMachine.c:1043:13:PLME_SendMessage	32	static
PhyStateMachine.c:1095:13:PD_SendMessage	40	static
PhyStateMachine.c:1220:13:Phy_SendLatePD	8	static
PhyStateMachine.c:1215:13:Phy_SendLatePLME	8	static
PhyStateMachine.c:549:20:Phy_HandlePdDataReq	32	static
PhyStateMachine.c:117:6:Phy_Init	8	static
PhyStateMachine.c:149:14:BindToPHY	0	static
PhyStateMachine.c:164:6:Phy_RegisterSapHandlers	0	static
PhyStateMachine.c:353:13:MAC_PD_SapHandler	8	static
PhyStateMachine.c:616:6:Phy_SetSequenceTiming	24	static
PhyStateMachine.c:649:13:Phy_EnterIdle	8	static
PhyStateMachine.c:179:13:Phy24Task	24	static
PhyStateMachine.c:733:6:PhyPlmeSetFrameWaitTime	0	static
PhyStateMachine.c:745:6:PhyPlmeSetRxOnWhenIdle	8	static
PhyStateMachine.c:794:8:PhyIsIdleRx	8	static
PhyStateMachine.c:415:13:MAC_PLME_SapHandler	32	static
PhyStateMachine.c:816:6:Radio_Phy_PdDataConfirm	8	static
PhyStateMachine.c:846:6:Radio_Phy_PdDataIndication	8	static
PhyStateMachine.c:859:6:Radio_Phy_TimeWaitTimeoutIndication	8	static
PhyStateMachine.c:873:6:Radio_Phy_PlmeCcaConfirm	8	static
PhyStateMachine.c:890:6:Radio_Phy_PlmeEdConfirm	8	static
PhyStateMachine.c:906:6:Radio_Phy_TimeRxTimeoutIndication	8	static
PhyStateMachine.c:922:6:Radio_Phy_TimeStartEventIndication	0	static
PhyStateMachine.c:938:6:Radio_Phy_PlmeRxWatermark	24	static
PhyStateMachine.c:988:6:Radio_Phy_PlmeSyncLossIndication	8	static
PhyStateMachine.c:1003:6:Radio_Phy_PlmeFilterFailRx	8	static
PhyStateMachine.c:1027:6:Radio_Phy_UnexpectedTransceiverReset	8	static
PhyStateMachine.c:1225:6:Radio_Phy_Notify	8	static
