fsl_xcvr.c:285:6:rf_osc_startup	0	static
fsl_xcvr.c:297:6:rf_osc_shutdown	0	static
fsl_xcvr.c:391:6:XCVR_Deinit	0	static
fsl_xcvr.c:402:14:XCVR_GetDefaultConfig	16	static
fsl_xcvr.c:1094:6:XCVR_Reset	0	static
fsl_xcvr.c:1127:6:XCVR_EnaNBRSSIMeas	0	static
fsl_xcvr.c:1139:14:XCVR_OverrideFrequency	48	static
fsl_xcvr.c:1208:6:XCVR_RegisterPanicCb	0	static
fsl_xcvr.c:1213:6:XcvrPanic	8	static
fsl_xcvr.c:1230:16:XCVR_HealthCheck	0	static
fsl_xcvr.c:1235:6:XCVR_FadLppsControl	0	static
fsl_xcvr.c:1241:14:map_mode_to_ll	0	static
fsl_xcvr.c:1284:14:XCVR_SetIRQMapping	16	static
fsl_xcvr.c:1307:14:XCVR_GetIRQMapping	0	static
fsl_xcvr.c:1320:14:XCVR_GetCurrentConfig	0	static
fsl_xcvr.c:1333:14:XCVR_SetXtalTrim	8	static
fsl_xcvr.c:1348:10:XCVR_GetXtalTrim	0	static
fsl_xcvr.c:1356:14:XCVR_SetRssiAdjustment	0	static
fsl_xcvr.c:1363:9:XCVR_GetRssiAdjustment	0	static
fsl_xcvr.c:1371:14:XCVR_OverrideChannel	8	static
fsl_xcvr.c:1455:10:XCVR_GetFreq	16	static
fsl_xcvr.c:1510:6:XCVR_ForceRxWu	0	static
fsl_xcvr.c:1515:6:XCVR_ForceRxWd	0	static
fsl_xcvr.c:502:14:XCVR_Configure	40	static
fsl_xcvr.c:308:14:XCVR_Init	64	static
fsl_xcvr.c:1104:14:XCVR_ChangeMode	40	static
fsl_xcvr.c:1520:6:XCVR_ForceTxWu	0	static
fsl_xcvr.c:1525:6:XCVR_ForceTxWd	0	static
fsl_xcvr.c:1530:14:XCVR_DftTxCW	16	static
fsl_xcvr.c:1564:14:XCVR_DftTxPatternReg	24	static
fsl_xcvr.c:1637:14:XCVR_DftTxLfsrReg	24	static
fsl_xcvr.c:1726:6:XCVR_DftTxOff	8	static
fsl_xcvr.c:1738:14:XCVR_ForcePAPower	0	static
fsl_xcvr.c:1756:14:XCVR_CoexistenceInit	0	static
fsl_xcvr.c:1953:14:XCVR_CoexistenceSetPriority	0	static
fsl_xcvr.c:2082:14:XCVR_CoexistenceSaveRestoreTimings	0	static
