port.c:143:13:prvTaskExitError	0	static
port.c:164:6:vPortStartFirstTask	0	static
port.c:125:14:pxPortInitialiseStack	8	static
port.c:157:6:SVC_Handler	0	static
port.c:194:12:xPortStartScheduler	8	static
port.c:221:6:vPortEndScheduler	0	static
port.c:229:6:vPortYield	0	static
port.c:241:6:vPortEnterCritical	0	static
port.c:250:6:vPortExitCritical	0	static
port.c:261:10:ulSetInterruptMaskFromISR	0	static
port.c:274:6:vClearInterruptMaskFromISR	0	static
port.c:286:6:PendSV_Handler	0	static
port.c:334:6:SysTick_Handler	8	static
