fsl_ltc.c:448:17:ltc_set_key	20	static
fsl_ltc.c:470:17:ltc_get_key	16	static
fsl_ltc.c:573:17:ltc_symmetric_alg_state	32	static
fsl_ltc.c:664:17:ltc_symmetric_init	32	static
fsl_ltc.c:685:17:ltc_symmetric_init_final	32	static
fsl_ltc.c:860:13:ltc_move_block_to_ififo	12	static
fsl_ltc.c:1777:17:swap_bytes	0	static
fsl_ltc.c:2456:17:ltc_hash_check_input_alg	0	static
fsl_ltc.c:2506:17:ltc_hash_check_context	8	static
fsl_ltc.c:2516:17:ltc_hash_algo2mode	0	static
fsl_ltc.c:2559:13:ltc_hash_engine_init	24	static
fsl_ltc.c:2709:13:ltc_hash_prepare_context_switch	0	static
fsl_ltc.c:2715:17:ltc_hash_get_block_size	0	static
fsl_ltc.c:2735:13:ltc_hash_block_to_ififo	12	static
fsl_ltc.c:272:6:ltc_check_key_size	0	static
fsl_ltc.c:1730:17:ltc_aes_ccm_check_input_args	8	static
fsl_ltc.c:2481:17:ltc_hash_check_input_args	32	static
fsl_ltc.c:285:10:ltc_wait	0	static
fsl_ltc.c:324:6:ltc_clear_all	0	static
fsl_ltc.c:335:6:ltc_memcpy	0	static
fsl_ltc.c:886:13:ltc_move_to_ififo	48	static
fsl_ltc.c:1818:17:ltc_aes_ccm_process_aad	56	static
fsl_ltc.c:1058:17:ltc_aes_received_mac_compare	40	static
fsl_ltc.c:2794:17:ltc_hash_merge_and_flush_buf	32	static
fsl_ltc.c:2848:17:ltc_hash_move_rest_to_context	64	static
fsl_ltc.c:2761:13:ltc_hash_move_to_ififo	40	static
fsl_ltc.c:2891:17:ltc_hash_process_input_data	56	static
fsl_ltc.c:497:10:ltc_set_context	40	static
fsl_ltc.c:1783:13:ltc_aes_ccm_context_init	64	static
fsl_ltc.c:2648:13:ltc_hash_restore_context	16	static
fsl_ltc.c:542:10:ltc_get_context	32	static
fsl_ltc.c:1091:17:ltc_aes_process_tag	8	static
fsl_ltc.c:2599:13:ltc_hash_save_context	16	static
fsl_ltc.c:620:10:ltc_symmetric_update	32	static
fsl_ltc.c:695:6:ltc_symmetric_process	56	static
fsl_ltc.c:922:17:ltc_symmetric_process_data_multiple	48	static
fsl_ltc.c:774:10:ltc_symmetric_process_data	24	static
fsl_ltc.c:820:17:ltc_process_message_in_sessions	24	static
fsl_ltc.c:1141:17:ltc_aes_decrypt_ecb	40	static
fsl_ltc.c:1908:17:ltc_aes_ccm_process	64	static
fsl_ltc.c:1113:6:LTC_Init	0	static
fsl_ltc.c:1121:6:LTC_Deinit	0	static
fsl_ltc.c:1168:10:LTC_AES_GenerateDecryptKey	72	static
fsl_ltc.c:1189:10:LTC_AES_EncryptEcb	32	static
fsl_ltc.c:1213:10:LTC_AES_DecryptEcb	48	static
fsl_ltc.c:1238:10:LTC_AES_EncryptCbc	32	static
fsl_ltc.c:1271:10:LTC_AES_DecryptCbc	40	static
fsl_ltc.c:1310:10:LTC_AES_CryptCtr	56	static
fsl_ltc.c:1997:10:LTC_AES_EncryptTagCcm	56	static
fsl_ltc.c:2018:10:LTC_AES_DecryptTagCcm	80	static
fsl_ltc.c:2976:10:LTC_HASH_Init	40	static
fsl_ltc.c:3014:10:LTC_HASH_Update	32	static
fsl_ltc.c:3101:10:LTC_HASH_Finish	40	static
fsl_ltc.c:3184:10:LTC_HASH	144	static
