PWR.c:974:30:PWR_CheckForAndEnterNewPowerState	0	static
PWR.c:195:8:PWR_GENFSK_EnterDSM	0	static
PWR.c:1045:6:PWR_Init	0	static
PWR.c:1058:10:PWR_GetSystemResetStatus	0	static
PWR.c:1074:6:PWR_SystemReset	0	static
PWR.c:1086:6:PWR_SetDeepSleepTimeInMs	0	static
PWR.c:1106:6:PWR_SetDeepSleepTimeInSymbols	0	static
PWR.c:1125:6:PWR_AllowDeviceToSleep	0	static
PWR.c:1145:6:PWR_DisallowDeviceToSleep	0	static
PWR.c:1169:6:PWR_AllowXcvrToSleep	0	static
PWR.c:1189:6:PWR_DisallowXcvrToSleep	0	static
PWR.c:1213:8:PWR_CheckIfDeviceCanGoToSleep	8	static
PWR.c:1230:8:PWR_ChangeDeepSleepMode	0	static
PWR.c:1267:9:PWR_GetDeepSleepMode	0	static
PWR.c:1282:6:PWR_EnterPowerOff	8	static
PWR.c:1295:6:PWR_BLE_EnterDSM	0	static
PWR.c:1319:10:PWR_BLE_GetReferenceClock	0	static
PWR.c:1334:6:PWR_BLE_ExitDSM	0	static
PWR.c:1350:27:PWR_LVD_ReportLevel	0	static
PWR.c:1372:23:PWR_EnterLowPower	8	static
PWR.c:1428:6:PWR_RegisterLowPowerEnterCallback	0	static
PWR.c:1441:6:PWR_RegisterLowPowerExitCallback	0	static
PWR.c:1454:6:PWR_EnterSleep	8	static
PWR.c:1465:10:PWR_GetTotalSleepDurationMS	8	static
PWR.c:1482:6:PWR_ResetTotalSleepDuration	8	static
