TimersManager.c:296:20:TMR_GetTimerStatus	0	static
TimersManager.c:309:13:TMR_SetTimerStatus	8	static
TimersManager.c:323:23:TMR_GetTimerType	0	static
TimersManager.c:336:13:TMR_SetTimerType	8	static
TimersManager.c:352:6:TMR_RTCAlarmNotify	8	static
TimersManager.c:371:13:TMR_PIT_ISR	0	static
TimersManager.c:525:13:StackTimer_ISR	8	static
TimersManager.c:393:19:TmrTicksFromMilliseconds	8	static
TimersManager.c:448:6:TMR_NotifyClkChanged	8	static
TimersManager.c:404:6:TMR_Init	8	static
TimersManager.c:466:14:TMR_AllocateTimer	8	static
TimersManager.c:491:8:TMR_AreAllTimersOff	0	static
TimersManager.c:537:8:TMR_IsTimerActive	8	static
TimersManager.c:551:8:TMR_IsTimerReady	8	static
TimersManager.c:564:10:TMR_GetRemainingTime	16	static
TimersManager.c:611:10:TMR_GetFirstExpireTime	24	static
TimersManager.c:639:14:TMR_GetFirstWithParam	8	static
TimersManager.c:883:14:TMR_StopTimer	8	static
TimersManager.c:505:14:TMR_FreeTimer	8	static
TimersManager.c:931:6:TMR_Task	64	static
TimersManager.c:1105:6:TMR_EnableTimer	8	static
TimersManager.c:667:14:TMR_StartTimer	32	static
TimersManager.c:724:14:TMR_StartLowPowerTimer	16	static
TimersManager.c:756:14:TMR_StartLowPowerMinuteTimer	16	static
TimersManager.c:778:14:TMR_StartLowPowerSecondTimer	16	static
TimersManager.c:801:14:TMR_StartMinuteTimer	16	static
TimersManager.c:823:14:TMR_StartSecondTimer	16	static
TimersManager.c:844:14:TMR_StartIntervalTimer	16	static
TimersManager.c:864:14:TMR_StartSingleShotTimer	16	static
TimersManager.c:1127:10:TMR_NotCountedTicksBeforeSleep	8	static
TimersManager.c:1157:6:TMR_SyncLpmTimers	32	static
TimersManager.c:1205:6:TMR_MakeTMRThreadReady	8	static
TimersManager.c:1220:10:TMR_GetTimerFreq	0	static
TimersManager.c:1259:8:TMR_RTCIsOscStarted	0	static
TimersManager.c:1269:6:TMR_RTCInit	8	static
TimersManager.c:1323:10:TMR_RTCGetTimestamp	48	static
TimersManager.c:1376:6:TMR_RTCSetTime	40	static
TimersManager.c:1422:6:TMR_RTCSetAlarm	24	static
TimersManager.c:1446:6:TMR_RTCSetAlarmRelative	24	static
TimersManager.c:1609:6:TMR_PITInit	16	static
TimersManager.c:1231:6:TMR_TimeStampInit	8	static
TimersManager.c:1656:10:TMR_PITGetTimestamp	40	static
TimersManager.c:1244:10:TMR_GetTimestamp	8	static
