PhyTime.c:699:24:PhyTime_GetNextEvent	12	static
PhyTime.c:681:13:PhyTime_OverflowCB	16	static
PhyTime.c:75:6:PhyTimeSetEventTrigger	8	static
PhyTime.c:109:6:PhyTimeDisableEventTrigger	8	static
PhyTime.c:138:6:PhyTimeSetEventTimeout	8	static
PhyTime.c:177:11:PhyTimeGetEventTimeout	0	static
PhyTime.c:186:6:PhyTimeDisableEventTimeout	8	static
PhyTime.c:213:6:PhyTimeReadClock	0	static
PhyTime.c:234:6:PhyTimeInitEventTimer	8	static
PhyTime.c:259:6:PhyTimeSetWaitTimeout	8	static
PhyTime.c:289:6:PhyTimeDisableWaitTimeout	8	static
PhyTime.c:314:6:PhyTimeSetWakeUpTime	8	static
PhyTime.c:346:8:PhyTimeIsWakeUpTimeExpired	8	static
PhyTime.c:407:17:PhyTime_TimerInit	8	static
PhyTime.c:437:11:PhyTime_GetTimestamp	16	static
PhyTime.c:519:17:PhyTime_CancelEvent	8	static
PhyTime.c:557:17:PhyTime_CancelEventsWithParam	16	static
PhyTime.c:591:6:PhyTime_RunCallback	16	static
PhyTime.c:625:6:PhyTime_Maintenance	16	static
PhyTime.c:383:6:PhyTime_ISR	16	static
PhyTime.c:465:18:PhyTime_ScheduleEvent	16	static
