app_thread_callbacks.c:521:33:APP_GetNwkScanResultEntry	16	static
app_thread_callbacks.c:607:16:APP_NwkCreateSelectBestChannel	32	static
app_thread_callbacks.c:1182:13:APP_InitializeNwkJoiningList	8	static
app_thread_callbacks.c:1155:13:APP_UpdateJoinerEntry	16	static
app_thread_callbacks.c:413:15:APP_JoinerNwkListAdd	40	static
app_thread_callbacks.c:1211:13:APP_StartNwkJoin	24	static
app_thread_callbacks.c:557:13:APP_NwkSelectUniquePanId	24	static
app_thread_callbacks.c:747:13:THR_GenerateLeaderPskc	64	static
app_thread_callbacks.c:116:8:APP_DiscoveryReqCb	0	static
app_thread_callbacks.c:140:6:APP_JoinerDiscoveryRespCb	40	static
app_thread_callbacks.c:226:6:APP_JoinerSelectNwkWithAnnounceCb	32	static
app_thread_callbacks.c:301:6:APP_JoinerSelectNwkWithBeaconCb	144	static
app_thread_callbacks.c:678:6:APP_NwkCreateCb	40	static
app_thread_callbacks.c:773:8:APP_OutOfBandSelectNwkWithBeaconCb	88	static
app_thread_callbacks.c:830:8:APP_MeshcopValidateJoinerAddrCb	40	static
app_thread_callbacks.c:876:8:APP_MeshCopValidateJoinFinCb	96	static
app_thread_callbacks.c:920:8:APP_MeshCopValidateCommissionerCb	0	static
app_thread_callbacks.c:945:9:APP_AddressAssignSlaacCb	16	static
app_thread_callbacks.c:999:6:APP_NwkData_ServiceDataCb	24	static
app_thread_callbacks.c:1059:6:APP_NwkData_ServiceServerDataCb	0	static
app_thread_callbacks.c:1079:6:APP_GenerateMLPrefixCb	8	static
app_thread_callbacks.c:1094:6:APP_EnableDHCP6Cb	40	static
app_thread_callbacks.c:1129:6:APP_BeaconFillCb	8	static
