fsl_clock.c:225:6:CLOCK_FllStableDelay	8	static
fsl_clock.c:326:17:CLOCK_GetInternalRefClkSelectFreq	0	static
fsl_clock.c:355:16:CLOCK_GetOscRangeFromFreq	0	static
fsl_clock.c:245:17:CLOCK_GetMcgExtClkFreq	8	static
fsl_clock.c:269:17:CLOCK_GetFllExtRefClkFreq	8	static
fsl_clock.c:340:17:CLOCK_GetFllRefClkFreq	8	static
fsl_clock.c:376:10:CLOCK_GetEr32kClkFreq	8	static
fsl_clock.c:398:10:CLOCK_GetOsc0ErClkFreq	8	static
fsl_clock.c:475:6:CLOCK_SetSimConfig	0	static
fsl_clock.c:504:10:CLOCK_GetFllFreq	8	static
fsl_clock.c:481:10:CLOCK_GetOutClkFreq	8	static
fsl_clock.c:405:10:CLOCK_GetPlatClkFreq	8	static
fsl_clock.c:410:10:CLOCK_GetFlashClkFreq	16	static
fsl_clock.c:420:10:CLOCK_GetBusClkFreq	16	static
fsl_clock.c:430:10:CLOCK_GetCoreSysClkFreq	8	static
fsl_clock.c:531:10:CLOCK_GetInternalRefClkFreq	8	static
fsl_clock.c:435:10:CLOCK_GetFreq	16	static
fsl_clock.c:542:10:CLOCK_GetFixedFreqClkFreq	8	static
fsl_clock.c:558:10:CLOCK_SetExternalRefClkConfig	8	static
fsl_clock.c:595:10:CLOCK_SetInternalRefClkConfig	16	static
fsl_clock.c:645:6:CLOCK_SetOsc0MonitorMode	0	static
fsl_clock.c:669:6:CLOCK_SetRtcOscMonitorMode	0	static
fsl_clock.c:687:10:CLOCK_GetStatusFlags	0	static
fsl_clock.c:698:6:CLOCK_ClearStatusFlags	0	static
fsl_clock.c:709:6:CLOCK_InitOsc0	8	static
fsl_clock.c:726:6:CLOCK_DeinitOsc0	0	static
fsl_clock.c:732:10:CLOCK_TrimInternalRefClk	24	static
fsl_clock.c:808:12:CLOCK_GetMode	0	static
fsl_clock.c:897:10:CLOCK_SetFeiMode	24	static
fsl_clock.c:957:10:CLOCK_SetFeeMode	24	static
fsl_clock.c:1035:10:CLOCK_SetFbiMode	24	static
fsl_clock.c:1099:10:CLOCK_SetFbeMode	16	static
fsl_clock.c:1177:10:CLOCK_SetBlpiMode	0	static
fsl_clock.c:1192:10:CLOCK_SetBlpeMode	0	static
fsl_clock.c:1208:10:CLOCK_ExternalModeToFbeModeQuick	0	static
fsl_clock.c:1229:10:CLOCK_InternalModeToFbiModeQuick	0	static
fsl_clock.c:1250:10:CLOCK_BootToFeiMode	8	static
fsl_clock.c:1255:10:CLOCK_BootToFeeMode	16	static
fsl_clock.c:1264:10:CLOCK_BootToBlpiMode	8	static
fsl_clock.c:1281:10:CLOCK_BootToBlpeMode	8	static
fsl_clock.c:1334:10:CLOCK_SetMcgConfig	16	static
