fsl_tpm.c:64:17:TPM_GetInstance	8	static
fsl_tpm.c:83:6:TPM_Init	16	static
fsl_tpm.c:121:6:TPM_Deinit	8	static
fsl_tpm.c:131:6:TPM_GetDefaultConfig	8	static
fsl_tpm.c:160:10:TPM_SetupPwm	48	static
fsl_tpm.c:364:6:TPM_UpdatePwmDutycycle	16	static
fsl_tpm.c:414:6:TPM_UpdateChnlEdgeLevelSelect	24	static
fsl_tpm.c:444:6:TPM_SetupInputCapture	16	static
fsl_tpm.c:489:6:TPM_SetupOutputCompare	24	static
fsl_tpm.c:532:6:TPM_SetupDualEdgeCapture	24	static
fsl_tpm.c:625:6:TPM_SetupQuadDecode	16	static
fsl_tpm.c:695:6:TPM_EnableInterrupts	12	static
fsl_tpm.c:718:6:TPM_DisableInterrupts	12	static
fsl_tpm.c:741:10:TPM_GetEnabledInterrupts	8	static
