fsl_lpuart.c:153:15:LPUART_TransferGetRxRingBufferLength	8	static
fsl_lpuart.c:202:13:LPUART_ReadNonBlocking	8	static
fsl_lpuart.c:171:13:LPUART_TransferIsRxRingBufferFull	8	static
fsl_lpuart.c:188:13:LPUART_WriteNonBlocking	8	static
fsl_lpuart.c:135:10:LPUART_GetInstance	8	static
fsl_lpuart.c:233:10:LPUART_Init	48	static
fsl_lpuart.c:416:6:LPUART_Deinit	8	static
fsl_lpuart.c:461:6:LPUART_GetDefaultConfig	8	static
fsl_lpuart.c:480:10:LPUART_SetBaudRate	48	static
fsl_lpuart.c:565:6:LPUART_EnableInterrupts	8	static
fsl_lpuart.c:576:6:LPUART_DisableInterrupts	8	static
fsl_lpuart.c:1023:6:LPUART_TransferHandleIRQ	24	static
fsl_lpuart.c:587:10:LPUART_GetEnabledInterrupts	0	static
fsl_lpuart.c:599:10:LPUART_GetStatusFlags	0	static
fsl_lpuart.c:611:10:LPUART_ClearStatusFlags	8	static
fsl_lpuart.c:652:6:LPUART_WriteBlocking	8	static
fsl_lpuart.c:667:10:LPUART_ReadBlocking	16	static
fsl_lpuart.c:730:6:LPUART_TransferCreateHandle	24	static
fsl_lpuart.c:790:6:LPUART_TransferStartRingBuffer	8	static
fsl_lpuart.c:808:6:LPUART_TransferStopRingBuffer	8	static
fsl_lpuart.c:823:10:LPUART_TransferSendNonBlocking	8	static
fsl_lpuart.c:853:6:LPUART_TransferAbortSend	8	static
fsl_lpuart.c:863:10:LPUART_TransferGetSendCount	8	static
fsl_lpuart.c:878:10:LPUART_TransferReceiveNonBlocking	32	static
fsl_lpuart.c:993:6:LPUART_TransferAbortReceive	8	static
fsl_lpuart.c:1008:10:LPUART_TransferGetReceiveCount	8	static
fsl_lpuart.c:1186:6:LPUART_TransferHandleErrorIRQ	0	static
fsl_lpuart.c:1202:6:LPUART0_DriverIRQHandler	8	static
