SecLib.c:1330:13:SecLib_LeftShiftOneBit	12	static
SecLib.c:1358:13:SecLib_Padding	12	static
SecLib.c:1388:13:SecLib_Xor128	12	static
SecLib.c:191:6:SecLib_Init	8	static
SecLib.c:1991:13:SHA1_hash_n	8	static
SecLib.c:2013:13:SHA256_hash_n	8	static
SecLib.c:220:6:AES_128_Encrypt	32	static
SecLib.c:1277:13:AES_128_CMAC_Generate_Subkey	88	static
SecLib.c:300:6:AES_128_Decrypt	40	static
SecLib.c:381:6:AES_128_ECB_Encrypt	56	static
SecLib.c:418:6:AES_128_ECB_Block_Encrypt	24	static
SecLib.c:451:6:AES_128_CBC_Encrypt	48	static
SecLib.c:511:10:AES_128_CBC_Encrypt_And_Pad	40	static
SecLib.c:571:10:AES_128_CBC_Decrypt_And_Depad	48	static
SecLib.c:636:6:AES_128_CTR	56	static
SecLib.c:735:6:AES_128_CMAC	128	static
SecLib.c:818:6:AES_128_CMAC_LsbFirstInput	144	static
SecLib.c:909:6:AES_CMAC_PRF_128	56	static
SecLib.c:959:17:AES_128_EAX_Encrypt	112	static
SecLib.c:1054:17:AES_128_EAX_Decrypt	96	static
SecLib.c:1163:9:AES_128_CCM	64	static
SecLib.c:1211:6:SecLib_XorN	8	static
SecLib.c:689:6:AES_128_OFB	64	static
SecLib.c:1407:6:SHA1_Init	8	static
SecLib.c:1426:6:SHA1_HashUpdate	24	static
SecLib.c:1475:6:SHA1_HashFinish	24	static
SecLib.c:1517:6:SHA1_Hash	16	static
SecLib.c:1529:6:SHA256_Init	8	static
SecLib.c:1548:6:SHA256_HashUpdate	24	static
SecLib.c:1597:6:SHA256_HashFinish	24	static
SecLib.c:1638:6:SHA256_Hash	16	static
SecLib.c:1653:6:HMAC_SHA256_Init	16	static
SecLib.c:1694:6:HMAC_SHA256_Update	8	static
SecLib.c:1706:6:HMAC_SHA256_Finish	40	static
SecLib.c:1731:6:HMAC_SHA256	16	static
SecLib.c:1743:17:ECDH_P256_GenerateKeys	16	static
SecLib.c:1801:17:ECDH_P256_ComputeDhKey	24	static
SecLib.c:1891:8:bACI_WriteKey	8	static
SecLib.c:1929:6:vACI_OptimisedCcmStar	48	static
SecLib.c:2043:10:u32Reverse	0	static
SecLib.c:2075:6:vSwipeEndian	24	static
