mac_abs_802154.c:1314:29:MAC_MlmeResetReq	0	static
mac_abs_802154.c:1984:13:MAC_AllowBroadcast	0	static
mac_abs_802154.c:1966:15:MAC_PhyConvertLQIToRSSI	8	static
mac_abs_802154.c:1947:15:MAC_PhyRemoveFromNeighborTable	8	static
mac_abs_802154.c:1926:15:MAC_PhyAddToNeighborTable	8	static
mac_abs_802154.c:1626:15:MAC_SetPib	72	static
mac_abs_802154.c:383:15:MAC_SetBeaconSourceExtendedAddress	16	static
mac_abs_802154.c:1850:15:MAC_SetFrameCounter	16	static
mac_abs_802154.c:1668:15:MAC_SetPibUint8Val	16	static
mac_abs_802154.c:713:13:MAC_SetNeighborSecurity	32	static
mac_abs_802154.c:600:13:MAC_SetPanSecurity	56	static
mac_abs_802154.c:524:15:MAC_SetRxOnWhenIdle	16	static
mac_abs_802154.c:485:15:MAC_SetChannel	16	static
mac_abs_802154.c:424:15:MAC_SetKey	48	static
mac_abs_802154.c:364:15:MAC_SetExtendedAddress	16	static
mac_abs_802154.c:323:15:MAC_SetShortAddress	16	static
mac_abs_802154.c:285:15:MAC_SetPANId	16	static
mac_abs_802154.c:1647:15:MAC_GetPib	72	static
mac_abs_802154.c:1894:15:MAC_GetNeighborFrameCounter	16	static
mac_abs_802154.c:1869:17:MAC_GetFrameCounter	16	static
mac_abs_802154.c:542:15:MAC_GetRxOnWhenIdle	16	static
mac_abs_802154.c:502:16:MAC_GetChannel	16	static
mac_abs_802154.c:459:15:MAC_GetKey	24	static
mac_abs_802154.c:401:17:MAC_GetExtendedAddress	16	static
mac_abs_802154.c:341:17:MAC_GetShortAddress	16	static
mac_abs_802154.c:301:17:MAC_GetPANId	16	static
mac_abs_802154.c:1248:27:MAC_MlmeSetReq	80	static
mac_abs_802154.c:267:13:MAC_SetMlmeCallbacks	8	static
mac_abs_802154.c:563:17:MAC_GetMaxMsduSize	64	static
mac_abs_802154.c:1332:28:MAC_MlmeScanReq	24	static
mac_abs_802154.c:1406:29:MAC_MlmeStartReq	16	static
mac_abs_802154.c:1267:29:MAC_MlmeGetReq	88	static
mac_abs_802154.c:1556:13:MAC_MlmeScanCnfCB	16	static
mac_abs_802154.c:1072:13:MAC_McpsPurgeCnfCB	8	static
mac_abs_802154.c:1450:13:MAC_MlmePollReq	32	static
mac_abs_802154.c:1215:27:MAC_McpsPurgeReq	16	static
mac_abs_802154.c:1089:27:MAC_McpsDataReq	32	static
mac_abs_802154.c:1510:13:MAC_MlmeBeaconNotifyIndCB	32	static
mac_abs_802154.c:1684:13:MAC_MlmeCommStatusIndCB	32	static
mac_abs_802154.c:1790:13:MAC_MlmePollCnfCB	16	static
mac_abs_802154.c:1012:13:MAC_McpsDataCnfCB	32	static
mac_abs_802154.c:1762:13:MAC_MlmePollIndCB	24	static
mac_abs_802154.c:827:21:MLME_NWK_SapHandlerCB	8	static
mac_abs_802154.c:756:21:MCPS_NWK_SapHandlerCB	16	static
mac_abs_802154.c:875:13:MAC_McpsDataIndCB	56	static
mac_abs_802154.c:789:13:MCPS_NWK_SapHandlerInternal	8	static
mac_abs_802154.c:238:19:MAC_RegisterAbsCb_802154	8	static
