end_device_app.c:598:13:APP_JoinEventsHandler	8	static
end_device_app.c:582:13:App_UpdateStateLeds	8	static
end_device_app.c:419:13:APP_ConfigModeHandleKeyboard	8	static
end_device_app.c:479:13:APP_AppModeHandleKeyboard	8	static
end_device_app.c:556:13:App_HandleKeyboard	8	static
end_device_app.c:945:13:APP_LocalDataSinkRelease	24	static
end_device_app.c:695:13:APP_ReportTemp	16	static
end_device_app.c:657:13:APP_CoapGenericCallback	8	static
end_device_app.c:1164:13:APP_CoapSinkCb	16	static
end_device_app.c:395:13:APP_InitCoapDemo	80	static
end_device_app.c:1093:13:APP_CoapTempCb	88	static
end_device_app.c:998:13:APP_ProcessLedCmd	24	static
end_device_app.c:968:13:APP_CoapLedCb	16	static
end_device_app.c:632:13:APP_SwWakeUpCb	8	static
end_device_app.c:148:6:APP_Init	8	static
end_device_app.c:211:6:APP_Handler	8	static
end_device_app.c:236:6:APP_NwkScanHandler	16	static
end_device_app.c:262:6:Stack_to_APP_Handler	16	static
end_device_app.c:334:6:APP_Commissioning_Handler	8	static
end_device_app.c:371:6:App_SedWakeUpFromKeyBoard	16	static
