UART_Adapter.c:751:13:LPUART_ISR	16	static
UART_Adapter.c:69:10:LPUART_Initialize	32	static
UART_Adapter.c:106:10:LPUART_SetBaudrate	16	static
UART_Adapter.c:123:10:LPUART_SendData	24	static
UART_Adapter.c:162:10:LPUART_ReceiveData	16	static
UART_Adapter.c:189:11:LPUART_InstallRxCalback	8	static
UART_Adapter.c:207:11:LPUART_InstallTxCalback	12	static
UART_Adapter.c:225:10:LPUART_IsTxActive	8	static
UART_Adapter.c:259:10:LPUART_DisableLowPowerWakeup	16	static
UART_Adapter.c:245:10:LPUART_EnableLowPowerWakeup	8	static
UART_Adapter.c:280:10:LPUART_IsWakeupSource	8	static
UART_Adapter.c:295:10:UART_Initialize	0	static
UART_Adapter.c:332:10:UART_SetBaudrate	0	static
UART_Adapter.c:349:10:UART_SendData	0	static
UART_Adapter.c:388:10:UART_ReceiveData	0	static
UART_Adapter.c:415:10:UART_InstallRxCalback	0	static
UART_Adapter.c:433:10:UART_InstallTxCalback	0	static
UART_Adapter.c:451:10:UART_IsTxActive	0	static
UART_Adapter.c:471:10:UART_EnableLowPowerWakeup	0	static
UART_Adapter.c:485:10:UART_DisableLowPowerWakeup	0	static
UART_Adapter.c:506:10:UART_IsWakeupSource	0	static
UART_Adapter.c:522:10:LPSCI_Initialize	0	static
UART_Adapter.c:559:10:LPSCI_SetBaudrate	0	static
UART_Adapter.c:576:10:LPSCI_SendData	0	static
UART_Adapter.c:615:10:LPSCI_ReceiveData	0	static
UART_Adapter.c:642:10:LPSCI_InstallRxCalback	0	static
UART_Adapter.c:660:10:LPSCI_InstallTxCalback	0	static
UART_Adapter.c:678:10:LPSCI_IsTxActive	0	static
UART_Adapter.c:698:10:LPSCI_EnableLowPowerWakeup	0	static
UART_Adapter.c:712:10:LPSCI_DisableLowPowerWakeup	0	static
UART_Adapter.c:733:10:LPSCI_IsWakeupSource	0	static
