tasks.c:1663:20:prvTaskIsTaskSuspended	0	static
tasks.c:3540:18:prvTaskCheckFreeStackSpace	0	static
tasks.c:3642:13:prvResetNextTaskUnblockTime	0	static
tasks.c:3588:14:prvDeleteTCB	8	static
tasks.c:767:13:prvInitialiseNewTask	32	static
tasks.c:3340:13:prvInitialiseTaskLists	16	static
tasks.c:970:13:prvAddNewTaskToReadyList	8	static
tasks.c:4699:13:prvAddCurrentTaskToDelayedList	16	static
tasks.c:676:13:xTaskCreate	48	static
tasks.c:1055:7:vTaskDelete	16	static
tasks.c:1276:13:eTaskGetState	16	static
tasks.c:1347:14:uxTaskPriorityGet	8	static
tasks.c:1369:14:uxTaskPriorityGetFromISR	8	static
tasks.c:1409:7:vTaskPrioritySet	16	static
tasks.c:1709:7:vTaskResume	16	static
tasks.c:1763:13:xTaskResumeFromISR	24	static
tasks.c:1833:6:vTaskStartScheduler	16	static
tasks.c:1940:6:vTaskEndScheduler	8	static
tasks.c:1951:6:vTaskSuspendAll	0	static
tasks.c:2134:12:xTaskGetTickCount	0	static
tasks.c:2149:12:xTaskGetTickCountFromISR	0	static
tasks.c:2180:13:uxTaskGetNumberOfTasks	0	static
tasks.c:2188:7:pcTaskGetName	0	static
tasks.c:2506:12:xTaskIncrementTick	24	static
tasks.c:2024:12:xTaskResumeAll	16	static
tasks.c:1147:7:vTaskDelayUntil	16	static
tasks.c:1231:7:vTaskDelay	8	static
tasks.c:3372:13:prvCheckTasksWaitingTermination	8	static
tasks.c:3138:8:prvIdleTask	8	static
tasks.c:2768:6:vTaskSwitchContext	12	static
tasks.c:1573:7:vTaskSuspend	16	static
tasks.c:2827:6:vTaskPlaceOnEventList	8	static
tasks.c:2844:6:vTaskPlaceOnUnorderedEventList	16	static
tasks.c:2870:7:vTaskPlaceOnEventListRestricted	16	static
tasks.c:2901:12:xTaskRemoveFromEventList	16	static
tasks.c:2969:12:xTaskRemoveFromUnorderedEventList	16	static
tasks.c:3014:6:vTaskSetTimeOutState	0	static
tasks.c:3022:12:xTaskCheckForTimeOut	16	static
tasks.c:3083:6:vTaskMissedYield	0	static
tasks.c:3091:14:uxTaskGetTaskNumber	0	static
tasks.c:3114:7:vTaskSetTaskNumber	0	static
tasks.c:3287:7:vTaskSetThreadLocalStoragePointer	0	static
tasks.c:3303:8:pvTaskGetThreadLocalStoragePointer	0	static
tasks.c:3418:7:vTaskGetInfo	24	static
tasks.c:3507:21:prvListTasksWithinSingleList	40	static
tasks.c:2328:14:uxTaskGetSystemState	24	static
tasks.c:3560:14:uxTaskGetStackHighWaterMark	8	static
tasks.c:3668:15:xTaskGetCurrentTaskHandle	0	static
tasks.c:3685:13:xTaskGetSchedulerState	0	static
tasks.c:3713:7:vTaskPriorityInherit	16	static
tasks.c:3779:13:xTaskPriorityDisinherit	16	static
tasks.c:4169:12:uxTaskResetEventItemValue	0	static
tasks.c:4185:8:pvTaskIncrementMutexHeldCount	0	static
tasks.c:4202:11:ulTaskNotifyTake	16	static
tasks.c:4270:13:xTaskNotifyWait	24	static
tasks.c:4350:13:xTaskGenericNotify	24	static
tasks.c:4456:13:xTaskGenericNotifyFromISR	32	static
tasks.c:4580:7:vTaskNotifyGiveFromISR	24	static
tasks.c:4669:13:xTaskNotifyStateClear	8	static
