fsl_os_abstraction_free_rtos.c:1034:14:osObjectAlloc	0	static
fsl_os_abstraction_free_rtos.c:1065:15:osObjectIsAllocated	8	static
fsl_os_abstraction_free_rtos.c:1099:13:osObjectFree	8	static
fsl_os_abstraction_free_rtos.c:122:6:startup_task	8	static
fsl_os_abstraction_free_rtos.c:575:13:OSA_EventSet	24	static
fsl_os_abstraction_free_rtos.c:134:13:OSA_TaskGetId	8	static
fsl_os_abstraction_free_rtos.c:146:13:OSA_TaskYield	8	static
fsl_os_abstraction_free_rtos.c:158:19:OSA_TaskGetPriority	8	static
fsl_os_abstraction_free_rtos.c:169:13:OSA_TaskSetPriority	8	static
fsl_os_abstraction_free_rtos.c:184:13:OSA_TaskCreate	32	static
fsl_os_abstraction_free_rtos.c:211:13:OSA_TaskDestroy	16	static
fsl_os_abstraction_free_rtos.c:235:6:OSA_TimeDelay	8	static
fsl_os_abstraction_free_rtos.c:245:10:OSA_TimeGetMsec	8	static
fsl_os_abstraction_free_rtos.c:267:18:OSA_SemaphoreCreate	8	static
fsl_os_abstraction_free_rtos.c:287:13:OSA_SemaphoreDestroy	8	static
fsl_os_abstraction_free_rtos.c:316:13:OSA_SemaphoreWait	8	static
fsl_os_abstraction_free_rtos.c:360:13:OSA_SemaphorePost	16	static
fsl_os_abstraction_free_rtos.c:411:14:OSA_MutexCreate	8	static
fsl_os_abstraction_free_rtos.c:432:13:OSA_MutexLock	16	static
fsl_os_abstraction_free_rtos.c:478:13:OSA_MutexUnlock	16	static
fsl_os_abstraction_free_rtos.c:513:13:OSA_MutexDestroy	8	static
fsl_os_abstraction_free_rtos.c:620:13:OSA_EventClear	16	static
fsl_os_abstraction_free_rtos.c:667:13:OSA_EventWait	32	static
fsl_os_abstraction_free_rtos.c:766:13:OSA_MsgQCreate	0	static
fsl_os_abstraction_free_rtos.c:788:13:OSA_MsgQPut	0	static
fsl_os_abstraction_free_rtos.c:843:13:OSA_MsgQGet	0	static
fsl_os_abstraction_free_rtos.c:886:13:OSA_MsgQDestroy	0	static
fsl_os_abstraction_free_rtos.c:909:6:OSA_InterruptEnable	8	static
fsl_os_abstraction_free_rtos.c:932:6:OSA_InterruptDisable	8	static
fsl_os_abstraction_free_rtos.c:536:14:OSA_EventCreate	16	static
fsl_os_abstraction_free_rtos.c:734:13:OSA_EventDestroy	8	static
fsl_os_abstraction_free_rtos.c:957:6:OSA_EnableIRQGlobal	0	static
fsl_os_abstraction_free_rtos.c:977:6:OSA_DisableIRQGlobal	0	static
fsl_os_abstraction_free_rtos.c:992:6:OSA_InstallIntHandler	8	static
fsl_os_abstraction_free_rtos.c:1010:5:main	8	static
