NV_Flash.c:2984:15:NvIsNVMFlashAddress	8	static
NV_Flash.c:3009:15:NvInitPendingSavesQueue	0	static
NV_Flash.c:3033:15:NvPushPendingSave	24	static
NV_Flash.c:3083:15:NvPopPendingSave	16	static
NV_Flash.c:3113:17:NvGetPendingSavesCount	0	static
NV_Flash.c:3197:17:NvUpdateSize	0	static
NV_Flash.c:3591:15:NvIsMemoryAreaAvailable	8	static
NV_Flash.c:4743:21:NvGetEntryFromDataPtr	24	static
NV_Flash.c:5456:17:NvGetTableEntryIndexFromId	16	static
NV_Flash.c:5681:13:__NvShutdown	8	static
NV_Flash.c:1550:17:NvGetFlashTableSize	24	static
NV_Flash.c:3496:21:NvGetMetaInfo	8	static
NV_Flash.c:3527:21:NvGetPageFreeSpace	32	static
NV_Flash.c:3877:17:NvGetTblEntryMetaAddrFromId	24	static
NV_Flash.c:2742:13:__NvmRestoreUnmirrored	24	static
NV_Flash.c:1421:15:NvIsRamTableUpdated	24	static
NV_Flash.c:3421:21:NvUpdateLastMetaInfoAddress	16	static
NV_Flash.c:3638:15:NvIsRecordCopied	24	static
NV_Flash.c:1488:15:NvGetTableEntry	24	static
NV_Flash.c:3391:21:NvVirtualPageBlankCheck	8	static
NV_Flash.c:3263:13:NvInitStorageSystem	40	static
NV_Flash.c:4479:15:NvSaveRamTable	56	static
NV_Flash.c:3221:21:NvEraseVirtualPage	8	static
NV_Flash.c:4554:21:UpgradeLegacyTable	80	static
NV_Flash.c:3139:13:InitNVMConfig	16	static
NV_Flash.c:4428:21:NvInternalFormat	16	static
NV_Flash.c:1817:21:__NvFormat	40	static
NV_Flash.c:3917:21:NvInternalDefragmentedCopy	88	static
NV_Flash.c:5191:21:NvRestoreData	32	static
NV_Flash.c:2107:21:__NvRestoreDataSet	16	static
NV_Flash.c:3730:21:NvInternalCopy	120	static
NV_Flash.c:2827:21:__NvmMoveToRam	48	static
NV_Flash.c:4794:21:NvWriteRecord	64	static
NV_Flash.c:2339:21:__NvSaveOnInterval	24	static
NV_Flash.c:5659:16:GetRandomRange	24	static
NV_Flash.c:1286:10:GetFlashTableVersion	8	static
NV_Flash.c:1380:14:RecoverNvEntry	0	static
NV_Flash.c:2040:8:__NvIsDataSetDirty	24	static
NV_Flash.c:2710:8:NvIsRecordErased	24	static
NV_Flash.c:4116:21:NvCopyPage	88	static
NV_Flash.c:2458:21:__NvModuleInit	16	static
NV_Flash.c:5482:13:NvProcessFirstSaveInQueue	16	static
NV_Flash.c:5556:21:NvAddSaveRequestToQueue	32	static
NV_Flash.c:1729:21:__NvSyncSave	16	static
NV_Flash.c:2911:21:__NvmErase	32	static
NV_Flash.c:1604:21:__NvAtomicSave	32	static
NV_Flash.c:2403:21:__NvSaveOnIdle	16	static
NV_Flash.c:2274:21:__NvSaveOnCount	16	static
NV_Flash.c:2186:15:__NvTimerTick	32	static
NV_Flash.c:1922:13:__NvIdle	24	static
NV_Flash.c:5715:13:__NvCompletePendingOperations	8	static
NV_Flash.c:5910:14:NvModuleInit	8	static
NV_Flash.c:5951:14:NvMoveToRam	16	static
NV_Flash.c:5977:14:NvErase	16	static
NV_Flash.c:6005:14:NvSaveOnIdle	16	static
NV_Flash.c:6036:14:NvSaveOnInterval	16	static
NV_Flash.c:6062:14:NvSaveOnCount	16	static
NV_Flash.c:6089:6:NvSetMinimumTicksBetweenSaves	0	static
NV_Flash.c:6109:6:NvSetCountsBetweenSaves	0	static
NV_Flash.c:6131:8:NvTimerTick	16	static
NV_Flash.c:6158:14:NvRestoreDataSet	16	static
NV_Flash.c:6183:6:NvClearCriticalSection	8	static
NV_Flash.c:6207:6:NvSetCriticalSection	8	static
NV_Flash.c:6227:6:NvIdle	8	static
NV_Flash.c:6249:7:NvGetNvIdleTaskId	0	static
NV_Flash.c:6267:8:NvIsDataSetDirty	16	static
NV_Flash.c:6292:6:NvGetPagesStatistics	0	static
NV_Flash.c:6341:14:NvFormat	16	static
NV_Flash.c:6375:14:NvRegisterTableEntry	0	static
NV_Flash.c:6413:14:NvEraseEntryFromStorage	0	static
NV_Flash.c:6464:14:NvSyncSave	16	static
NV_Flash.c:6500:14:NvAtomicSave	16	static
NV_Flash.c:6522:6:NvShutdown	8	static
NV_Flash.c:6538:6:NvCompletePendingOperations	8	static
NV_Flash.c:6578:6:NvProgramFlash	8	static
