router_eligible_device_app.c:509:13:APP_ThrNwkJoin	8	static
router_eligible_device_app.c:781:13:APP_JoinEventsHandler	8	static
router_eligible_device_app.c:527:13:App_JoinTimerCallback	8	static
router_eligible_device_app.c:662:13:APP_AppModeHandleKeyboard	8	static
router_eligible_device_app.c:757:13:App_UpdateStateLeds	8	static
router_eligible_device_app.c:548:13:APP_ConfigModeSwShortPressHandler	8	static
router_eligible_device_app.c:619:13:APP_ConfigModeHandleKeyboard	8	static
router_eligible_device_app.c:731:13:App_HandleKeyboard	8	static
router_eligible_device_app.c:1384:13:App_RestoreLeaderLed	8	static
router_eligible_device_app.c:1117:13:APP_LocalDataSinkRelease	24	static
router_eligible_device_app.c:916:20:APP_SendDataSinkCommand	32	static
router_eligible_device_app.c:967:13:APP_SendDataSinkRelease	24	static
router_eligible_device_app.c:829:13:APP_CoapGenericCallback	8	static
router_eligible_device_app.c:1345:13:APP_CoapSinkCb	16	static
router_eligible_device_app.c:1170:13:APP_ProcessLedCmd	24	static
router_eligible_device_app.c:991:13:APP_SendLedCommand	24	static
router_eligible_device_app.c:1099:13:APP_SendLedColorWheel	32	static
router_eligible_device_app.c:1082:13:APP_SendLedFlash	16	static
router_eligible_device_app.c:1065:13:APP_SendLedRgbOff	40	static
router_eligible_device_app.c:1140:13:APP_CoapLedCb	16	static
router_eligible_device_app.c:1034:13:APP_SendLedRgbOn	56	static
router_eligible_device_app.c:867:13:APP_ReportTemp	24	static
router_eligible_device_app.c:945:13:APP_SendDataSinkCreate	16	static
router_eligible_device_app.c:483:13:APP_InitCoapDemo	80	static
router_eligible_device_app.c:1274:13:APP_CoapTempCb	88	static
router_eligible_device_app.c:178:6:APP_Init	8	static
router_eligible_device_app.c:240:6:APP_Handler	8	static
router_eligible_device_app.c:265:6:APP_NwkScanHandler	16	static
router_eligible_device_app.c:291:6:Stack_to_APP_Handler	16	static
router_eligible_device_app.c:399:6:APP_Commissioning_Handler	72	static
router_eligible_device_app.c:467:6:App_RestoreLeaderLedCb	8	static
