fsl_debug_console.c:411:5:DbgConsole_Putchar	16	static
fsl_debug_console.c:497:17:DbgConsole_ScanIgnoreWhiteSpace	0	static
fsl_debug_console.c:521:13:DbgConsole_PrintfPaddingCharacter	32	static
fsl_debug_console.c:544:16:DbgConsole_ConvertRadixNumToString	32	static
fsl_debug_console.c:1316:12:DbgConsole_ScanfFormattedData	40	static
fsl_debug_console.c:775:12:DbgConsole_PrintfFormattedData	104	static
fsl_debug_console.c:232:10:DbgConsole_Init	32	static
fsl_debug_console.c:334:10:DbgConsole_Deinit	8	static
fsl_debug_console.c:393:5:DbgConsole_Printf	16	static
fsl_debug_console.c:474:5:DbgConsole_Getchar	16	static
fsl_debug_console.c:424:5:DbgConsole_Scanf	40	static
