SerialManager.c:1861:13:Serial_TxQueueMaintenance	16	static
SerialManager.c:1932:13:Serial_SyncTxCallback	8	static
SerialManager.c:1375:23:Serial_WriteInternal	16	static
SerialManager.c:386:6:SerialManagerTask	32	static
SerialManager.c:345:6:SerialManager_Init	8	static
SerialManager.c:466:16:Serial_InitInterface	24	static
SerialManager.c:647:16:Serial_AsyncWrite	48	static
SerialManager.c:750:16:Serial_SyncWrite	40	static
SerialManager.c:907:16:Serial_RxBufferByteCount	16	static
SerialManager.c:823:16:Serial_Read	40	static
SerialManager.c:949:16:Serial_SetRxCallBack	0	static
SerialManager.c:981:16:Serial_SetBaudRate	8	static
SerialManager.c:1056:16:Serial_Print	24	static
SerialManager.c:1089:16:Serial_PrintHex	40	static
SerialManager.c:1159:16:Serial_PrintDec	32	static
SerialManager.c:1205:16:Serial_EnableLowPowerWakeup	16	static
SerialManager.c:1258:16:Serial_DisableLowPowerWakeup	16	static
SerialManager.c:1311:8:Serial_IsWakeUpSource	16	static
SerialManager.c:1631:6:SerialManager_RxNotify	8	static
SerialManager.c:2148:13:Serial_UartRxCb	16	static
SerialManager.c:1766:6:SerialManager_TxNotify	16	static
SerialManager.c:2163:13:Serial_UartTxCb	8	static
SerialManager.c:1947:10:Serial_GetInterfaceId	8	static
